// Jest Snapshot v1, https://goo.gl/fbAQLP

exports[`renders a snapshot 1`] = `
<styled.div
  noMargin={false}
>
  <Styled(Identicon)
    address="0x4bbeEB066eD09B7AEd07bF39EEe0460DFa261520"
  />
  <Styled(styled.p)
    muted={true}
  >
    0x4bbeEB066eD09B7AEd07bF39EEe0460DFa261520
  </Styled(styled.p)>
</styled.div>
`;
