// Jest Snapshot v1, https://goo.gl/fbAQLP

exports[`renders a snapshot 1`] = `
<StyledComponent
  forwardedClass={
    Object {
      "$$typeof": Symbol(react.forward_ref),
      "attrs": undefined,
      "componentStyle": ComponentStyle {
        "componentId": "StyledIcon-sc-1sfwmv9-0",
        "isStatic": true,
        "rules": Array [
          "vertical-align:middle;margin-right:9px;",
        ],
      },
      "displayName": "StyledIcon",
      "render": [Function],
      "styledComponentId": "StyledIcon-sc-1sfwmv9-0",
      "target": [Function],
      "warnTooManyClasses": [Function],
      "withComponent": [Function],
    }
  }
  forwardedRef={null}
  icon="add"
/>
`;
