// Jest Snapshot v1, https://goo.gl/fbAQLP

exports[`renders a snapshot 1`] = `
<StyledComponent
  forwardedComponent={
    Object {
      "$$typeof": Symbol(react.forward_ref),
      "attrs": Array [],
      "componentStyle": ComponentStyle {
        "componentId": "StyledCode__Code-sc-17x7cu6-0",
        "isStatic": true,
        "rules": Array [
          "font-family:",
          "'Roboto Mono', Menlo, Monaco, Consolas, 'Courier New', monospace",
          ";",
        ],
      },
      "displayName": "StyledCode__Code",
      "foldedComponentIds": Array [],
      "render": [Function],
      "styledComponentId": "StyledCode__Code-sc-17x7cu6-0",
      "target": "span",
      "toString": [Function],
      "warnTooManyClasses": [Function],
      "withComponent": [Function],
    }
  }
  forwardedRef={null}
>
  Foo
</StyledComponent>
`;
