// Jest Snapshot v1, https://goo.gl/fbAQLP

exports[`renders a snapshot 1`] = `
.c0 {
  font-size: 16px;
  font-family: Lato,sans-serif;
  line-height: 1.5;
}

.c0 a {
  text-decoration: none;
  font-weight: bold;
}

.c1 {
  margin: 1rem 0;
  font-size: 1rem;
}

.c2 {
  cursor: pointer;
  text-decoration: none;
  font-weight: bold;
}

@media (min-width: 400px) {
  .c0 {
    font-size: calc(14.67px + 0.33vw);
  }
}

@media (min-width: 1000px) {
  .c0 {
    font-size: 18px;
  }
}

@media (min-width: 0rem) {
  .c1 {
    font-size: calc(1.00rem + 0.20vw);
  }
}

@media (min-width: 62.5rem) {
  .c1 {
    font-size: 1.125rem;
  }
}

<p
  className="c0 c1 c2"
>
  Foo
</p>
`;
