// Jest Snapshot v1, https://goo.gl/fbAQLP

exports[`renders a snapshot 1`] = `
.c0 {
  width: 100%;
  border-collapse: collapse;
  border-spacing: 0;
}

@media screen and (max-width: 36rem) {
  .c1,
  .c1 thead,
  .c1 tbody,
  .c1 th,
  .c1 td,
  .c1 tr {
    display: block;
  }

  .c1 thead tr {
    position: absolute;
    top: -9999px;
    left: -9999px;
  }

  .c1 tr {
    border: 1px solid;
    margin-bottom: 1.2rem;
  }

  .c1 tr td:last-child {
    border-bottom: none;
  }

  .c1 tr:last-of-type {
    margin-bottom: 0;
  }

  .c1 td {
    border: none;
    border-bottom: 1px solid #eee;
    position: relative;
    padding: 0.75rem 0.75rem 0.75rem 50%;
  }

  .c1 td:before {
    position: absolute;
    height: 100%;
    top: 0;
    left: 0;
    width: 45%;
    white-space: nowrap;
    text-transform: uppercase;
    letter-spacing: 0.0625em;
    box-sizing: border-box;
    padding: 0.75rem;
  }

  .c1 td:nth-of-type(1):before {
    content: 'Foo';
  }

  .c1 td:nth-of-type(2):before {
    content: 'Bar';
  }
}

<AbstractTable
  body={
    Array [
      Array [
        1,
        2,
      ],
      Array [
        3,
        4,
      ],
    ]
  }
  className="c0 c1"
  config={Object {}}
  groups={Array []}
  head={
    Array [
      "Foo",
      "Bar",
    ]
  }
/>
`;
