// Jest Snapshot v1, https://goo.gl/fbAQLP

exports[`renders a snapshot 1`] = `
<StyledComponent
  body={
    Array [
      Array [
        1,
        2,
      ],
      Array [
        3,
        4,
      ],
    ]
  }
  forwardedComponent={
    Object {
      "$$typeof": Symbol(react.forward_ref),
      "attrs": Array [],
      "componentStyle": ComponentStyle {
        "componentId": "Table-stidn8-0",
        "isStatic": false,
        "rules": Array [
          "
  width: 100%;
  border-collapse: collapse;
  border-spacing: 0;
",
          "@media screen and (max-width:",
          "36",
          "rem){",
          "    
    &,
    thead,
    tbody,
    th,
    td,
    tr {
      display: block;
    }
    
    thead tr { 
      position: absolute;
      top: -9999px;
      left: -9999px;
    }
    
    tr {
      border: 1px solid ",
          [Function],
          ";
      margin-bottom: 1.2rem;
      
      td:last-child {
        border-bottom: none;
      }
    }
    
    tr:last-of-type {
      margin-bottom: 0;
    }
    
    td { 
      border: none;
      border-bottom: 1px solid #eee; 
      position: relative;
      padding: 0.75rem 0.75rem 0.75rem 50%;
    }
    
    td:before { 
      position: absolute;
      height: 100%;
      top: 0;
      left: 0;
      width: 45%; 
      white-space: nowrap;
      color: ",
          [Function],
          ";
      text-transform: uppercase;
      letter-spacing: 0.0625em;
      background: ",
          [Function],
          ";
      box-sizing: border-box;
      padding: 0.75rem;
    }
    
    ",
          [Function],
          ";
  ",
          "}",
          ";",
        ],
      },
      "displayName": "Table",
      "foldedComponentIds": Array [
        "sc-gisBJw",
      ],
      "render": [Function],
      "styledComponentId": "Table-stidn8-0",
      "target": [Function],
      "toString": [Function],
      "warnTooManyClasses": [Function],
      "withComponent": [Function],
    }
  }
  forwardedRef={null}
  head={
    Array [
      "Foo",
      "Bar",
    ]
  }
/>
`;
