// Jest Snapshot v1, https://goo.gl/fbAQLP

exports[`renders a snapshot 1`] = `
<StyledComponent
  forwardedComponent={
    Object {
      "$$typeof": Symbol(react.forward_ref),
      "attrs": Array [],
      "componentStyle": ComponentStyle {
        "componentId": "SmallPanel-iu1roc-0",
        "isStatic": true,
        "rules": Array [
          "padding:0.75em 1.125em 0.75em 1.125em;",
        ],
      },
      "displayName": "SmallPanel",
      "foldedComponentIds": Array [],
      "render": [Function],
      "self": [Circular],
      "styledComponentId": "SmallPanel-iu1roc-0",
      "target": [Function],
      "toString": [Function],
      "warnTooManyClasses": [Function],
      "withComponent": [Function],
    }
  }
  forwardedRef={null}
>
  Foo
</StyledComponent>
`;
