// Jest Snapshot v1, https://goo.gl/fbAQLP

exports[`renders a snapshot 1`] = `
.c0 {
  width: 100%;
  margin: 0 auto;
  padding: 0 15px;
  box-sizing: border-box;
}

@media screen and (max-width: 35.9375rem) {
  .c0 {
    max-width: 100%;
  }
}

@media screen and (min-width: 36rem) {
  .c0 {
    max-width: 540px;
  }
}

@media screen and (min-width: 48rem) {
  .c0 {
    max-width: 720px;
  }
}

@media screen and (min-width: 62rem) {
  .c0 {
    max-width: 960px;
  }
}

@media screen and (min-width: 75rem) {
  .c0 {
    max-width: 1140px;
  }
}

<div
  className="c0"
>
  Foo
</div>
`;
