// Jest Snapshot v1, https://goo.gl/fbAQLP

exports[`renders a snapshot 1`] = `
<StyledComponent
  forwardedComponent={
    Object {
      "$$typeof": Symbol(react.forward_ref),
      "attrs": Array [],
      "componentStyle": ComponentStyle {
        "componentId": "StyledMessage-sc-10exyp-0",
        "isStatic": false,
        "rules": Array [
          "padding:25px;background:",
          [Function],
          ";",
        ],
      },
      "displayName": "StyledMessage",
      "foldedComponentIds": Array [],
      "render": [Function],
      "self": [Circular],
      "styledComponentId": "StyledMessage-sc-10exyp-0",
      "target": "div",
      "toString": [Function],
      "warnTooManyClasses": [Function],
      "withComponent": [Function],
    }
  }
  forwardedRef={null}
  type="info"
>
  Foo
</StyledComponent>
`;
