// Jest Snapshot v1, https://goo.gl/fbAQLP

exports[`renders a snapshot 1`] = `
<StyledAddress__StyledAddressContainer
  noMargin={false}
>
  <StyledAddress__StyledIdenticon
    address="0x4bbeEB066eD09B7AEd07bF39EEe0460DFa261520"
  />
  <Typography
    muted={true}
    noMargin={true}
  >
    0x4bbeEB066eD09B7AEd07bF39EEe0460DFa261520
  </Typography>
</StyledAddress__StyledAddressContainer>
`;
