// Jest Snapshot v1, https://goo.gl/fbAQLP

exports[`renders a snapshot 1`] = `
<StyledDonate__DonateContainer>
  Donate (ETH):
   
  <StyledDonate__Address
    to="https://etherscan.io/address/0xDFDD854DaAD30E6E077AEf1c653169968c102E34"
  >
    0xDFDD854DaAD30E6E077AEf1c653169968c102E34
  </StyledDonate__Address>
  <StyledDonate__SmallAddress
    to="https://etherscan.io/address/0xDFDD854DaAD30E6E077AEf1c653169968c102E34"
  >
    0xDFDD...2E34
  </StyledDonate__SmallAddress>
</StyledDonate__DonateContainer>
`;
