// Jest Snapshot v1, https://goo.gl/fbAQLP

exports[`renders a snapshot 1`] = `
<StyledModal__StyledModalOverlay
  isVisible={true}
>
  <StyledModal
    isVisible={true}
  >
    Foo
    <StyledModal__ModalButtons>
      <Button
        large={false}
        secondary={false}
      >
        Close
      </Button>
    </StyledModal__ModalButtons>
  </StyledModal>
</StyledModal__StyledModalOverlay>
`;
