// Jest Snapshot v1, https://goo.gl/fbAQLP

exports[`renders a snapshot 1`] = `
<StyledModal__StyledModalOverlay
  isVisible={true}
>
  <StyledModal
    isVisible={true}
  >
    Foo
    <StyledModal__StyledModalButtons>
      <StyledModal__StyledModalButton
        large={false}
        secondary={false}
      >
        Close
      </StyledModal__StyledModalButton>
    </StyledModal__StyledModalButtons>
  </StyledModal>
</StyledModal__StyledModalOverlay>
`;
