// Jest Snapshot v1, https://goo.gl/fbAQLP

exports[`renders a snapshot 1`] = `
<StyledTooltip__TooltipContainer>
  <StyledTooltip>
    <StyledTooltip__TooltipTypography
      noMargin={true}
    >
      Foo
    </StyledTooltip__TooltipTypography>
  </StyledTooltip>
  Bar
</StyledTooltip__TooltipContainer>
`;
