// Jest Snapshot v1, https://goo.gl/fbAQLP

exports[`renders a snapshot 1`] = `
<Section
  as="div"
  dark={true}
  paddingBottom="1.175rem"
  paddingTop="1.175rem"
>
  <StyledFooter__FooterContainer>
    <StyledFooter__FooterItem>
      <StyledFooter__FooterTypography>
        Powered by 
        <MyCryptoLogo />
      </StyledFooter__FooterTypography>
    </StyledFooter__FooterItem>
    <StyledFooter__FooterItem>
      <Connect(ThemeProvider) />
    </StyledFooter__FooterItem>
    <StyledFooter__FooterItem>
      <StyledFooter__FooterTypography>
        Made by Maarten Zuidhoorn 
        <GitHubIcon />
      </StyledFooter__FooterTypography>
    </StyledFooter__FooterItem>
  </StyledFooter__FooterContainer>
</Section>
`;
