// Jest Snapshot v1, https://goo.gl/fbAQLP

exports[`NotLocal renders a snapshot 1`] = `
.c0 {
  font-size: 16px;
  font-family: Lato,sans-serif;
  line-height: 1.5;
  margin: 1rem 0;
  font-size: 1rem;
}

.c0 a {
  -webkit-text-decoration: none;
  text-decoration: none;
  font-weight: bold;
}

@media (min-width:400px) {
  .c0 {
    font-size: calc(14.67px + 0.33vw);
  }
}

@media (min-width:1000px) {
  .c0 {
    font-size: 18px;
  }
}

@media (min-width:0px) {
  .c0 {
    font-size: calc(1.00rem + 0.01vw);
  }
}

@media (min-width:1000px) {
  .c0 {
    font-size: 1.125rem;
  }
}

<NotLocal>
  <Typography>
    <StyledComponent
      forwardedComponent={
        Object {
          "$$typeof": Symbol(react.forward_ref),
          "attrs": Array [],
          "componentStyle": ComponentStyle {
            "componentId": "Typography-g2loye-0",
            "isStatic": false,
            "lastClassName": "c0",
            "rules": Array [
              "
  color: ",
              [Function],
              ";
  ",
              "font-size: 16px;",
              "@media (min-width: 400px) {",
              "font-size: calc(14.67px + 0.33vw);",
              "}",
              "@media (min-width: 1000px) {",
              "font-size: 18px;",
              "}",
              ";
  font-family: Lato, sans-serif;
  line-height: 1.5;
  ",
              [Function],
              ";
  ",
              [Function],
              ";
  a {
    color: ",
              [Function],
              ";
    text-decoration: none;
    font-weight: bold;

    /* stylelint-disable-next-line max-nesting-depth */
    :hover {
      color: ",
              [Function],
              ";
    }
  }
",
              "margin:",
              [Function],
              " 0;",
              "font-size: 1rem;",
              "@media (min-width: 0px) {",
              "font-size: calc(1.00rem + 0.01vw);",
              "}",
              "@media (min-width: 1000px) {",
              "font-size: 1.125rem;",
              "}",
              ";",
              [Function],
              ";",
              [Function],
              ";",
            ],
          },
          "displayName": "Typography",
          "foldedComponentIds": Array [
            "sc-bdVaJa",
          ],
          "render": [Function],
          "styledComponentId": "Typography-g2loye-0",
          "target": "p",
          "toString": [Function],
          "warnTooManyClasses": [Function],
          "withComponent": [Function],
        }
      }
      forwardedRef={null}
    >
      <p
        className="c0"
      >
        For security reasons, this feature is only available locally. See
         
        <ExternalLink
          to="https://github.com/Mrtenz/FindETH"
        >
          <a
            href="https://github.com/Mrtenz/FindETH"
            rel="noreferrer nofollower"
            target="_blank"
          >
            GitHub
          </a>
        </ExternalLink>
         for instructions on running FindETH locally.
      </p>
    </StyledComponent>
  </Typography>
</NotLocal>
`;
