// Jest Snapshot v1, https://goo.gl/fbAQLP

exports[`renders a snapshot 1`] = `
<Container
  as="header"
>
  <Modal
    isVisible={false}
    onClose={[Function]}
    onConfirm={[Function]}
  >
    <Styled(styled.p)>
      Are you sure you want to stop searching?
    </Styled(styled.p)>
  </Modal>
  <Styled(Styled(Styled(styled.p)))
    as="h1"
  >
    <Logo
      onClick={[Function]}
    />
  </Styled(Styled(Styled(styled.p)))>
</Container>
`;
