// Jest Snapshot v1, https://goo.gl/fbAQLP

exports[`ThemeToggle renders a snapshot 1`] = `
<ThemeProvider
  theme={
    Object {
      "actionPanelBackground": "#fcfcfc",
      "actionPanelBorder": "#e8eaed",
      "background": "white",
      "borderRadius": "0.125em",
      "borderRadiusLarge": "0.375em",
      "buttonDisabledBackground": "#cdcdcd",
      "cardText": "#697685",
      "controlBackground": "white",
      "controlBorder": "rgba(63,63,68,0.05)",
      "darkBackground": "#242429",
      "errorMessageBackground": "#da4453",
      "headline": "#242429",
      "iconColor": "#424242",
      "infoMessageBackground": "#4a89dc",
      "line": "#e8eaed",
      "link": "#007a99",
      "linkHover": "#005166",
      "logo": "test-file-stub",
      "name": "Light",
      "outline": "0 0 0 0.25em rgba(0,122,153,0.65)",
      "panelBackground": "white",
      "panelBackgroundDark": "#f0f0f0",
      "panelBorder": "none",
      "panelShadow": "0 0 0 0.0625em rgba(0, 0, 0, 0.03), 0 0.0625em 0 0 rgba(0, 0, 0, 0.05), 0 0.0625em 0.1875em 0 rgba(0, 0, 0, 0.1)",
      "primary": "#007896",
      "primaryDark": "#006077",
      "primaryDarker": "#004759",
      "primarySectionBackground": "white",
      "secondarySectionBackground": "#f6f7f9",
      "switchBackgroundGreyable": "#cdcdcd",
      "tableHeadBackground": "#fafcfc",
      "tableHeadBorder": "#e8eaed",
      "tableRowBorder": "#e8eaed",
      "text": "#424242",
      "textLight": "#b5b5b5",
      "tooltipBackground": "#3c3c3c",
      "transitionDuration": "0.12s",
      "warningMessageBackground": "#f6bb42",
    }
  }
/>
`;
